==> stream_data
Compiling 3 files (.ex)
Generated stream_data app
==> gen_stage
Compiling 10 files (.ex)
Generated gen_stage app
==> ymlr
Compiling 3 files (.ex)
Generated ymlr app
==> mime
Compiling 1 file (.ex)
Generated mime app
==> toml
Compiling 10 files (.ex)
     warning: using single-quoted strings to represent charlists is deprecated.
     Use ~c"" if you indeed want a charlist or use "" instead.
     You may run "mix format --migrate" to change all single-quoted
     strings to use the ~c sigil and fix this warning.
     │
 264 │   defp handle_token(lexer, original, doc, type, skip, _data, lines) when type in '-_' do
     │                                                                                  ~
     │
     └─ lib/decoder.ex:264:82

     warning: using single-quoted strings to represent charlists is deprecated.
     Use ~c"" if you indeed want a charlist or use "" instead.
     You may run "mix format --migrate" to change all single-quoted
     strings to use the ~c sigil and fix this warning.
     │
 371 │       {:ok, {type, _skip, _data, _lines}} when type in '-+' ->
     │                                                        ~
     │
     └─ lib/decoder.ex:371:56

     warning: using single-quoted strings to represent charlists is deprecated.
     Use ~c"" if you indeed want a charlist or use "" instead.
     You may run "mix format --migrate" to change all single-quoted
     strings to use the ~c sigil and fix this warning.
     │
 419 │           {:ok, {:alpha, _, <<c::utf8>>, _}} when c in 'eE' ->
     │                                                        ~
     │
     └─ lib/decoder.ex:419:56

     warning: using single-quoted strings to represent charlists is deprecated.
     Use ~c"" if you indeed want a charlist or use "" instead.
     You may run "mix format --migrate" to change all single-quoted
     strings to use the ~c sigil and fix this warning.
     │
 474 │       {:ok, {:alpha, _, <<c::utf8>>, _}} when c in 'eE' ->
     │                                                    ~
     │
     └─ lib/decoder.ex:474:52

     warning: using single-quoted strings to represent charlists is deprecated.
     Use ~c"" if you indeed want a charlist or use "" instead.
     You may run "mix format --migrate" to change all single-quoted
     strings to use the ~c sigil and fix this warning.
     │
 514 │       {:ok, {sign, _, _, _}} when sign in '-+' and last == ?e ->
     │                                           ~
     │
     └─ lib/decoder.ex:514:43

     warning: using single-quoted strings to represent charlists is deprecated.
     Use ~c"" if you indeed want a charlist or use "" instead.
     You may run "mix format --migrate" to change all single-quoted
     strings to use the ~c sigil and fix this warning.
     │
 518 │       {:ok, {:alpha, _, <<c::utf8>>, _}} when c in 'eE' and signal == ?. ->
     │                                                    ~
     │
     └─ lib/decoder.ex:518:52

     warning: using single-quoted strings to represent charlists is deprecated.
     Use ~c"" if you indeed want a charlist or use "" instead.
     You may run "mix format --migrate" to change all single-quoted
     strings to use the ~c sigil and fix this warning.
     │
 522 │       {:ok, {?_, skip, _, lines}} when last not in '_e.' ->
     │                                                    ~
     │
     └─ lib/decoder.ex:522:52

     warning: using single-quoted strings to represent charlists is deprecated.
     Use ~c"" if you indeed want a charlist or use "" instead.
     You may run "mix format --migrate" to change all single-quoted
     strings to use the ~c sigil and fix this warning.
     │
 538 │       {:ok, {type, skip, data, lines}} when last in 'e.' ->
     │                                                     ~
     │
     └─ lib/decoder.ex:538:53

     warning: using single-quoted strings to represent charlists is deprecated.
     Use ~c"" if you indeed want a charlist or use "" instead.
     You may run "mix format --migrate" to change all single-quoted
     strings to use the ~c sigil and fix this warning.
     │
 542 │       {:ok, {_type, skip, _data, lines} = token} when last not in '_e.' ->
     │                                                                   ~
     │
     └─ lib/decoder.ex:542:67

     warning: using single-quoted strings to represent charlists is deprecated.
     Use ~c"" if you indeed want a charlist or use "" instead.
     You may run "mix format --migrate" to change all single-quoted
     strings to use the ~c sigil and fix this warning.
     │
 682 │         {:ok, {sign, _, _, _}} when sign in '-+' ->
     │                                             ~
     │
     └─ lib/decoder.ex:682:45

     warning: using single-quoted strings to represent charlists is deprecated.
     Use ~c"" if you indeed want a charlist or use "" instead.
     You may run "mix format --migrate" to change all single-quoted
     strings to use the ~c sigil and fix this warning.
     │
 796 │       {:ok, {sign, _, _, _}} when sign in '-+' ->
     │                                           ~
     │
     └─ lib/decoder.ex:796:43

     warning: using single-quoted strings to represent charlists is deprecated.
     Use ~c"" if you indeed want a charlist or use "" instead.
     You may run "mix format --migrate" to change all single-quoted
     strings to use the ~c sigil and fix this warning.
     │
 916 │         {:ok, {type, skip, _, lines}} when type in '-_' ->
     │                                                    ~
     │
     └─ lib/decoder.ex:916:52

     warning: using single-quoted strings to represent charlists is deprecated.
     Use ~c"" if you indeed want a charlist or use "" instead.
     You may run "mix format --migrate" to change all single-quoted
     strings to use the ~c sigil and fix this warning.
     │
 954 │               {:ok, {type, _, _, _}} when type in '-_' ->
     │                                                   ~
     │
     └─ lib/decoder.ex:954:51

     warning: using single-quoted strings to represent charlists is deprecated.
     Use ~c"" if you indeed want a charlist or use "" instead.
     You may run "mix format --migrate" to change all single-quoted
     strings to use the ~c sigil and fix this warning.
     │
 969 │       {:ok, {type, _, _, _}} when type in '-_' ->
     │                                           ~
     │
     └─ lib/decoder.ex:969:43

     warning: using single-quoted strings to represent charlists is deprecated.
     Use ~c"" if you indeed want a charlist or use "" instead.
     You may run "mix format --migrate" to change all single-quoted
     strings to use the ~c sigil and fix this warning.
     │
 983 │           {:ok, {type, _, _, _}} when type in '-_' ->
     │                                               ~
     │
     └─ lib/decoder.ex:983:47

Generated toml app
==> nimble_options
Compiling 3 files (.ex)
Generated nimble_options app
==> multigraph
Compiling 16 files (.ex)
Generated multigraph app
==> plug_crypto
Compiling 5 files (.ex)
Generated plug_crypto app
==> hpax
Compiling 4 files (.ex)
Generated hpax app
==> mint
Compiling 1 file (.erl)
Compiling 21 files (.ex)
Generated mint app
==> ash_pplan
===> Analyzing applications...
===> Compiling yamerl
==> ease
Compiling 1 file (.ex)
Generated ease app
==> nimble_csv
Compiling 1 file (.ex)
Generated nimble_csv app
==> complex
Compiling 2 files (.ex)
Generated complex app
==> ets
Compiling 7 files (.ex)
Generated ets app
==> table_rex
Compiling 7 files (.ex)
Generated table_rex app
==> iterex
Compiling 48 files (.ex)
Generated iterex app
==> owl
Compiling 19 files (.ex)
Generated owl app
==> sourceror
Compiling 20 files (.ex)
Generated sourceror app
==> gen_state_machine
Compiling 3 files (.ex)
    warning: using single-quoted strings to represent charlists is deprecated.
    Use ~c"" if you indeed want a charlist or use "" instead.
    You may run "mix format --migrate" to change all single-quoted
    strings to use the ~c sigil and fix this warning.
    │
 21 │       {'** State machine ~tp terminating~n' ++ _ = format, args} ->
    │        ~
    │
    └─ lib/gen_state_machine/translator.ex:21:8

    warning: using single-quoted strings to represent charlists is deprecated.
    Use ~c"" if you indeed want a charlist or use "" instead.
    You may run "mix format --migrate" to change all single-quoted
    strings to use the ~c sigil and fix this warning.
    │
 24 │       {'** State machine ~p terminating~n' ++ _ = format, args} ->
    │        ~
    │
    └─ lib/gen_state_machine/translator.ex:24:8

    warning: List.zip/1 is deprecated. Use Enum.zip/1 instead
    │
 62 │       |> List.zip()
    │               ~
    │
    └─ lib/gen_state_machine/translator.ex:62:15: GenStateMachine.Translator.do_translate/4

Generated gen_state_machine app
==> text_diff
Compiling 1 file (.ex)
Generated text_diff app
==> ash_pplan
===> Analyzing applications...
===> Compiling aws_signature
==> decimal
Compiling 4 files (.ex)
Generated decimal app
==> jason
Compiling 10 files (.ex)
Generated jason app
==> rustler
Compiling 7 files (.ex)
Generated rustler app
==> jcs
Compiling 1 file (.ex)
Generated jcs app
==> ex_ast
Compiling 36 files (.ex)
Generated ex_ast app
==> yaml_elixir
Compiling 6 files (.ex)
Generated yaml_elixir app
==> spitfire
Compiling 2 files (.erl)
Compiling 5 files (.ex)
Generated spitfire app
==> table
Compiling 5 files (.ex)
Generated table app
==> nimble_parsec
Compiling 4 files (.ex)
Generated nimble_parsec app
==> ash_pplan
===> Analyzing applications...
===> Compiling telemetry
==> broadway
Compiling 22 files (.ex)
Generated broadway app
==> telemetry_metrics
Compiling 7 files (.ex)
Generated telemetry_metrics app
==> telemetry_metrics_prometheus_core
Compiling 9 files (.ex)
warning: first..last inside match is deprecated, you must always match on the step: first..last//var or first..last//_ if you want to ignore it
  lib/core/registry.ex:87: TelemetryMetricsPrometheus.Core.Registry.validate_distribution_buckets!/1

Generated telemetry_metrics_prometheus_core app
==> db_connection
Compiling 18 files (.ex)
Generated db_connection app
==> ecto
Compiling 56 files (.ex)
Generated ecto app
==> uniq
Compiling 5 files (.ex)
Generated uniq app
==> thousand_island
Compiling 18 files (.ex)
Generated thousand_island app
==> nx
Compiling 43 files (.ex)
Generated nx app
==> phoenix_html
Compiling 6 files (.ex)
Generated phoenix_html app
==> phoenix_template
Compiling 4 files (.ex)
Generated phoenix_template app
==> expo
Compiling 2 files (.erl)
Compiling 22 files (.ex)
Generated expo app
==> gettext
Compiling 18 files (.ex)
Generated gettext app
==> localize
Compiling 7 files (.erl)
Compiling 202 files (.ex)
Generated localize app
==> phoenix_pubsub
Compiling 12 files (.ex)
Generated phoenix_pubsub app
==> protocol_ex
Compiling 2 files (.ex)
Generated protocol_ex app
==> rdf
Compiling 6 files (.erl)
Compiling 140 files (.ex)
Generated rdf app
==> rustler_precompiled
Compiling 4 files (.ex)
Generated rustler_precompiled app
==> explorer
Compiling 22 files (.ex)

20:01:36.642 [debug] Copying NIF from cache and extracting to /Users/sac/ash_pplan/_build-case-92129/test/lib/explorer/priv/native/libexplorer-v0.13.0-nif-2.15-aarch64-apple-darwin.so
Generated explorer app
==> phoenix_view
Compiling 1 file (.ex)
Generated phoenix_view app
==> splode
Compiling 5 files (.ex)
Generated splode app
==> glob_ex
Compiling 4 files (.ex)
Generated glob_ex app
==> rewrite
Compiling 13 files (.ex)
Generated rewrite app
==> plug
Compiling 1 file (.erl)
Compiling 42 files (.ex)
Generated plug app
==> postgrex
Compiling 70 files (.ex)
Generated postgrex app
==> ecto_sql
Compiling 25 files (.ex)
Generated ecto_sql app
==> simple_sat
Compiling 1 file (.ex)
Generated simple_sat app
==> wasmex
Compiling 27 files (.ex)

20:02:02.337 [debug] Copying NIF from cache and extracting to /Users/sac/ash_pplan/_build-case-92129/test/lib/wasmex/priv/native/libwasmex-v0.15.1-nif-2.15-aarch64-apple-darwin.so
Generated wasmex app
==> crux
Compiling 20 files (.ex)
Generated crux app
==> nimble_pool
Compiling 2 files (.ex)
Generated nimble_pool app
==> finch
Compiling 23 files (.ex)
Generated finch app
==> req
Compiling 24 files (.ex)
Generated req app
==> igniter
Compiling 62 files (.ex)
Generated igniter app
==> spark
Compiling 46 files (.ex)
Generated spark app
==> reactor
Compiling 113 files (.ex)
Compiling lib/reactor/dsl.ex (it's taking more than 10s)
Generated reactor app
==> ash
Compiling 619 files (.ex)
Compiling lib/ash/reactor/reactor.ex (it's taking more than 10s)
Compiling lib/ash/policy/authorizer/authorizer.ex (it's taking more than 10s)
Compiling lib/ash.ex (it's taking more than 10s)
Compiling lib/ash/resource/dsl.ex (it's taking more than 10s)
Generated ash app
==> ash_state_machine
Compiling 17 files (.ex)
Generated ash_state_machine app
==> reactor_req
Compiling 26 files (.ex)
Compiling lib/reactor/req.ex (it's taking more than 10s)
Compiling lib/reactor/req/ext.ex (it's taking more than 10s)
Generated reactor_req app
==> reactor_file
Compiling 88 files (.ex)
Compiling lib/reactor/file.ex (it's taking more than 10s)
Generated reactor_file app
==> reactor_process
Compiling 29 files (.ex)
Generated reactor_process app
==> oban
Compiling 70 files (.ex)
Generated oban app
==> ash_oban
Compiling 22 files (.ex)
Generated ash_oban app
==> bb
Compiling 226 files (.ex)
Compiling lib/bb/dsl.ex (it's taking more than 10s)
Generated bb app
==> bb_reactor
Compiling 12 files (.ex)
Generated bb_reactor app
==> websock
Compiling 1 file (.ex)
Generated websock app
==> bandit
Compiling 54 files (.ex)
Generated bandit app
==> websock_adapter
Compiling 4 files (.ex)
Generated websock_adapter app
==> phoenix
Compiling 75 files (.ex)
Generated phoenix app
==> phoenix_live_view
Compiling 55 files (.ex)
Generated phoenix_live_view app
==> ash_phoenix
Compiling 35 files (.ex)
Generated ash_phoenix app
==> cinder
Compiling 57 files (.ex)
Generated cinder app
==> ash_admin
Compiling 35 files (.ex)
Generated ash_admin app
==> sweet_xml
Compiling 2 files (.ex)
     warning: a struct for SweetXpath is expected on struct update:

         %SweetXpath{xpath | namespaces: [{to_charlist(prefix), to_charlist(uri)} | xpath.namespaces]}

     but got type:

         dynamic()

     where "xpath" was given the type:

         # type: dynamic()
         # from: lib/sweet_xml.ex:245:21
         xpath

     when defining the variable "xpath", you must also pattern match on "%SweetXpath{}".

     hint: given pattern matching is enough to catch typing errors, you may optionally convert the struct update into a map update. For example, instead of:

         user = some_function()
         %User{user | name: "John Doe"}

     it is enough to write:

         %User{} = user = some_function()
         %{user | name: "John Doe"}

     typing violation found at:
     │
 246 │     %SweetXpath{xpath | namespaces: [{to_charlist(prefix), to_charlist(uri)}
     │     ~
     │
     └─ lib/sweet_xml.ex:246:5: SweetXml.add_namespace/3

Generated sweet_xml app
==> ex4pm
Compiling 418 files (.ex)
Compiling lib/ex4pm/domain.ex (it's taking more than 10s)
Compiling lib/wasm4pm_compat/ash_types.ex (it's taking more than 10s)
warning: Domain Ex4pmDomain is not present in

    config :ex4pm, ash_domains: [].


To resolve this warning, do one of the following.

1. Add the domain to your configured domain modules. The following snippet can be used.

    config :ex4pm, ash_domains: [Ex4pmDomain]

2. Add the option `validate_config_inclusion?: false` to `use Ash.Domain`

3. Configure all domains not to warn, with `config :ash, :validate_domain_config_inclusion?, false`

  lib/ex4pm_domain.ex:1: Ex4pmDomain.__verify_spark_dsl__/1
  (elixir 1.19.5) lib/enum.ex:961: Enum."-each/2-lists^foreach/1-0-"/2
  (elixir 1.19.5) lib/module/parallel_checker.ex:288: Module.ParallelChecker.check_module/3
  (elixir 1.19.5) lib/module/parallel_checker.ex:125: anonymous fn/7 in Module.ParallelChecker.inner_spawn/6

warning: Domain Ex4pm.Domain is not present in

    config :ex4pm, ash_domains: [].


To resolve this warning, do one of the following.

1. Add the domain to your configured domain modules. The following snippet can be used.

    config :ex4pm, ash_domains: [Ex4pm.Domain]

2. Add the option `validate_config_inclusion?: false` to `use Ash.Domain`

3. Configure all domains not to warn, with `config :ash, :validate_domain_config_inclusion?, false`

  lib/ex4pm/domain.ex:1: Ex4pm.Domain.__verify_spark_dsl__/1
  (elixir 1.19.5) lib/enum.ex:961: Enum."-each/2-lists^foreach/1-0-"/2
  (elixir 1.19.5) lib/module/parallel_checker.ex:288: Module.ParallelChecker.check_module/3
  (elixir 1.19.5) lib/module/parallel_checker.ex:125: anonymous fn/7 in Module.ParallelChecker.inner_spawn/6

     warning: GgenIgniter.Ontology.load!/1 is undefined (module GgenIgniter.Ontology is not available or is yet to be defined)
     │
 215 │     graph = GgenIgniter.Ontology.load!(ontology)
     │                                  ~
     │
     └─ lib/mix/tasks/ex4pm.ggen.sync.ex:215:34: Mix.Tasks.Ex4pm.Ggen.Sync.run_gates/2

     warning: GgenIgniter.Query.Oxigraph.run/2 is undefined (module GgenIgniter.Query.Oxigraph is not available or is yet to be defined)
     │
 219 │         rows = GgenIgniter.Query.Oxigraph.run(graph, File.read!(gate))
     │                                           ~
     │
     └─ lib/mix/tasks/ex4pm.ggen.sync.ex:219:43: Mix.Tasks.Ex4pm.Ggen.Sync.run_gates/2

Generated ex4pm app
==> sparql
Compiling 2 files (.erl)
Compiling 43 files (.ex)
Generated sparql app
could not compile dependency :sparql, "mix compile" failed. Errors may have been logged above. You can recompile this dependency with "mix deps.compile sparql --force", update it with "mix deps.update sparql" or clean it with "mix deps.clean sparql"
** (File.Error) could not write to file "/Users/sac/ash_pplan/_build-case-92129/test/lib/sparql/ebin/Elixir.SPARQL.ExtensionFunction.Registration.beam": no such file or directory
    (elixir 1.19.5) lib/file.ex:1407: File.write!/3
    (protocol_ex 0.5.1) lib/protocol_ex.ex:444: ProtocolEx.consolidate/2
    (elixir 1.19.5) lib/enum.ex:1688: Enum."-map/2-lists^map/1-1-"/2
    (protocol_ex 0.5.1) lib/mix/tasks/compile.protocol_ex.ex:25: Mix.Tasks.Compile.ProtocolEx.run/1
    (mix 1.19.5) lib/mix/task.ex:499: anonymous fn/3 in Mix.Task.run_task/5
    (mix 1.19.5) lib/mix/task.compiler.ex:299: Mix.Task.Compiler.run_compiler/2
    (mix 1.19.5) lib/mix/task.compiler.ex:287: Mix.Task.Compiler.run/4
    (mix 1.19.5) lib/mix/tasks/compile.all.ex:75: Mix.Tasks.Compile.All.do_run/2
