==> earmark_parser
Compiling 3 files (.erl)
Compiling 32 files (.ex)
Generated earmark_parser app
==> file_system
Compiling 7 files (.ex)
Generated file_system app
==> stream_data
Compiling 3 files (.ex)
Generated stream_data app
==> ymlr
Compiling 3 files (.ex)
Generated ymlr app
==> mime
Compiling 1 file (.ex)
Generated mime app
==> nimble_options
Compiling 3 files (.ex)
Generated nimble_options app
==> git_cli
Compiling 3 files (.ex)
Generated git_cli app
==> bunt
Compiling 2 files (.ex)
Generated bunt app
==> multigraph
Compiling 16 files (.ex)
Generated multigraph app
==> hpax
Compiling 4 files (.ex)
Generated hpax app
==> mint
Compiling 1 file (.erl)
Compiling 21 files (.ex)
Generated mint app
==> ash_affidavit
===> Analyzing applications...
===> Compiling yamerl
==> ets
Compiling 7 files (.ex)
Generated ets app
==> erlex
Compiling 2 files (.erl)
Compiling 2 files (.ex)
Generated erlex app
==> iterex
Compiling 48 files (.ex)
Generated iterex app
==> owl
Compiling 19 files (.ex)
Generated owl app
==> sourceror
Compiling 20 files (.ex)
Generated sourceror app
==> text_diff
Compiling 1 file (.ex)
Generated text_diff app
==> decimal
Compiling 4 files (.ex)
Generated decimal app
==> jason
Compiling 10 files (.ex)
Generated jason app
==> sobelow
Compiling 66 files (.ex)
Generated sobelow app
==> ex_ast
Compiling 36 files (.ex)
Generated ex_ast app
==> rustler
Compiling 7 files (.ex)
Generated rustler app
==> yaml_elixir
Compiling 6 files (.ex)
Generated yaml_elixir app
==> mix_audit
Compiling 16 files (.ex)
Generated mix_audit app
==> spitfire
Compiling 2 files (.erl)
Compiling 5 files (.ex)
Generated spitfire app
==> nimble_parsec
Compiling 4 files (.ex)
Generated nimble_parsec app
==> makeup
Compiling 15 files (.ex)
Generated makeup app
==> makeup_elixir
Compiling 6 files (.ex)
Generated makeup_elixir app
==> makeup_erlang
Compiling 4 files (.ex)
Generated makeup_erlang app
==> ex_doc
Compiling 30 files (.ex)
Generated ex_doc app
==> ash_affidavit
===> Analyzing applications...
===> Compiling telemetry
==> ecto
Compiling 56 files (.ex)
Generated ecto app
==> ex_check
Compiling 25 files (.ex)
Generated ex_check app
==> rustler_precompiled
Compiling 4 files (.ex)
Generated rustler_precompiled app
==> dialyxir
Compiling 70 files (.ex)
Generated dialyxir app
==> splode
Compiling 5 files (.ex)
Generated splode app
==> glob_ex
Compiling 4 files (.ex)
Generated glob_ex app
==> rewrite
Compiling 13 files (.ex)
Generated rewrite app
==> credo
Compiling 257 files (.ex)
Generated credo app
==> wasmex
Compiling 27 files (.ex)

15:23:37.194 [debug] Copying NIF from cache and extracting to /Users/sac/ash_affidavit/_build-fleet-ash_affidavit/dev/lib/wasmex/priv/native/libwasmex-v0.15.1-nif-2.15-aarch64-apple-darwin.so.tar.gz
Generated wasmex app
==> crux
Compiling 20 files (.ex)
Generated crux app
==> nimble_pool
Compiling 2 files (.ex)
Generated nimble_pool app
==> finch
Compiling 23 files (.ex)
Generated finch app
==> req
Compiling 24 files (.ex)
Generated req app
==> igniter
Compiling 62 files (.ex)
Generated igniter app
==> spark
Compiling 46 files (.ex)
Generated spark app
==> reactor
Compiling 113 files (.ex)
Generated reactor app
==> ash
Compiling 619 files (.ex)
Compiling lib/ash/reactor/reactor.ex (it's taking more than 10s)
Compiling lib/ash/resource/dsl.ex (it's taking more than 10s)
Generated ash app
==> git_ops
Compiling 15 files (.ex)
Generated git_ops app
==> usage_rules
Compiling 6 files (.ex)
Generated usage_rules app
==> ash_affidavit
Compiling 27 files (.ex)
Generated ash_affidavit app
