== Correctness verification (required before timing, per bench/README.md) ==
All 3 tiers verified correct.

Not all of your protocols have been consolidated. In order to achieve the
best possible accuracy for benchmarks, please ensure protocol
consolidation is enabled in your benchmarking environment.

Benchmarking compile 10 resources (Admission→IR→Mapping→Ash+Ecto+SQL+R2RML+SHACL) ...
Benchmarking compile 100 resources (Admission→IR→Mapping→Ash+Ecto+SQL+R2RML+SHACL) ...
Benchmarking compile 1000 resources (Admission→IR→Mapping→Ash+Ecto+SQL+R2RML+SHACL) ...
Calculating statistics...
Formatting results...

Name                                                                             ips        average  deviation         median         99th %
compile 10 resources (AdmissionâIRâMappingâAsh+Ecto+SQL+R2RML+SHA       100.50        9.95 ms    ±19.89%        9.55 ms       19.96 ms
compile 100 resources (AdmissionâIRâMappingâAsh+Ecto+SQL+R2RML+SH        10.85       92.19 ms     ±0.98%       92.24 ms       94.85 ms
compile 1000 resources (AdmissionâIRâMappingâAsh+Ecto+SQL+R2RML+S         0.62     1620.83 ms    ±12.62%     1532.92 ms     1926.27 ms

Comparison: 
compile 10 resources (AdmissionâIRâMappingâAsh+Ecto+SQL+R2RML+SHA       100.50
compile 100 resources (AdmissionâIRâMappingâAsh+Ecto+SQL+R2RML+SH        10.85 - 9.27x slower +82.24 ms
compile 1000 resources (AdmissionâIRâMappingâAsh+Ecto+SQL+R2RML+S         0.62 - 162.90x slower +1610.88 ms

Memory usage statistics:

Name                                                                           average  deviation         median         99th %
compile 10 resources (Admission→IR→Mapping→Ash+Ecto+SQL+R2RML+SHACL)           6.91 MB     ±0.00%        6.91 MB        6.91 MB
compile 100 resources (Admission→IR→Mapping→Ash+Ecto+SQL+R2RML+SHACL)         70.06 MB     ±0.00%       70.06 MB       70.06 MB
compile 1000 resources (Admission→IR→Mapping→Ash+Ecto+SQL+R2RML+SHACL)       703.68 MB     ±0.00%      703.68 MB      703.68 MB

Comparison: 
compile 10 resources (AdmissionâIRâMappingâAsh+Ecto+SQL+R2RML+SHA        6.91 MB
compile 100 resources (AdmissionâIRâMappingâAsh+Ecto+SQL+R2RML+SH       70.06 MB - 10.14x memory usage +63.15 MB
compile 1000 resources (AdmissionâIRâMappingâAsh+Ecto+SQL+R2RML+S      703.68 MB - 101.87x memory usage +696.77 MB
