==> stream_data
Compiling 3 files (.ex)
Generated stream_data app
==> ymlr
Compiling 3 files (.ex)
Generated ymlr app
==> mime
Compiling 1 file (.ex)
Generated mime app
==> libring
Compiling 5 files (.ex)
Generated libring app
==> toml
Compiling 10 files (.ex)
     warning: using single-quoted strings to represent charlists is deprecated.
     Use ~c"" if you indeed want a charlist or use "" instead.
     You may run "mix format --migrate" to change all single-quoted
     strings to use the ~c sigil and fix this warning.
     │
 264 │   defp handle_token(lexer, original, doc, type, skip, _data, lines) when type in '-_' do
     │                                                                                  ~
     │
     └─ lib/decoder.ex:264:82

     warning: using single-quoted strings to represent charlists is deprecated.
     Use ~c"" if you indeed want a charlist or use "" instead.
     You may run "mix format --migrate" to change all single-quoted
     strings to use the ~c sigil and fix this warning.
     │
 371 │       {:ok, {type, _skip, _data, _lines}} when type in '-+' ->
     │                                                        ~
     │
     └─ lib/decoder.ex:371:56

     warning: using single-quoted strings to represent charlists is deprecated.
     Use ~c"" if you indeed want a charlist or use "" instead.
     You may run "mix format --migrate" to change all single-quoted
     strings to use the ~c sigil and fix this warning.
     │
 419 │           {:ok, {:alpha, _, <<c::utf8>>, _}} when c in 'eE' ->
     │                                                        ~
     │
     └─ lib/decoder.ex:419:56

     warning: using single-quoted strings to represent charlists is deprecated.
     Use ~c"" if you indeed want a charlist or use "" instead.
     You may run "mix format --migrate" to change all single-quoted
     strings to use the ~c sigil and fix this warning.
     │
 474 │       {:ok, {:alpha, _, <<c::utf8>>, _}} when c in 'eE' ->
     │                                                    ~
     │
     └─ lib/decoder.ex:474:52

     warning: using single-quoted strings to represent charlists is deprecated.
     Use ~c"" if you indeed want a charlist or use "" instead.
     You may run "mix format --migrate" to change all single-quoted
     strings to use the ~c sigil and fix this warning.
     │
 514 │       {:ok, {sign, _, _, _}} when sign in '-+' and last == ?e ->
     │                                           ~
     │
     └─ lib/decoder.ex:514:43

     warning: using single-quoted strings to represent charlists is deprecated.
     Use ~c"" if you indeed want a charlist or use "" instead.
     You may run "mix format --migrate" to change all single-quoted
     strings to use the ~c sigil and fix this warning.
     │
 518 │       {:ok, {:alpha, _, <<c::utf8>>, _}} when c in 'eE' and signal == ?. ->
     │                                                    ~
     │
     └─ lib/decoder.ex:518:52

     warning: using single-quoted strings to represent charlists is deprecated.
     Use ~c"" if you indeed want a charlist or use "" instead.
     You may run "mix format --migrate" to change all single-quoted
     strings to use the ~c sigil and fix this warning.
     │
 522 │       {:ok, {?_, skip, _, lines}} when last not in '_e.' ->
     │                                                    ~
     │
     └─ lib/decoder.ex:522:52

     warning: using single-quoted strings to represent charlists is deprecated.
     Use ~c"" if you indeed want a charlist or use "" instead.
     You may run "mix format --migrate" to change all single-quoted
     strings to use the ~c sigil and fix this warning.
     │
 538 │       {:ok, {type, skip, data, lines}} when last in 'e.' ->
     │                                                     ~
     │
     └─ lib/decoder.ex:538:53

     warning: using single-quoted strings to represent charlists is deprecated.
     Use ~c"" if you indeed want a charlist or use "" instead.
     You may run "mix format --migrate" to change all single-quoted
     strings to use the ~c sigil and fix this warning.
     │
 542 │       {:ok, {_type, skip, _data, lines} = token} when last not in '_e.' ->
     │                                                                   ~
     │
     └─ lib/decoder.ex:542:67

     warning: using single-quoted strings to represent charlists is deprecated.
     Use ~c"" if you indeed want a charlist or use "" instead.
     You may run "mix format --migrate" to change all single-quoted
     strings to use the ~c sigil and fix this warning.
     │
 682 │         {:ok, {sign, _, _, _}} when sign in '-+' ->
     │                                             ~
     │
     └─ lib/decoder.ex:682:45

     warning: using single-quoted strings to represent charlists is deprecated.
     Use ~c"" if you indeed want a charlist or use "" instead.
     You may run "mix format --migrate" to change all single-quoted
     strings to use the ~c sigil and fix this warning.
     │
 796 │       {:ok, {sign, _, _, _}} when sign in '-+' ->
     │                                           ~
     │
     └─ lib/decoder.ex:796:43

     warning: using single-quoted strings to represent charlists is deprecated.
     Use ~c"" if you indeed want a charlist or use "" instead.
     You may run "mix format --migrate" to change all single-quoted
     strings to use the ~c sigil and fix this warning.
     │
 916 │         {:ok, {type, skip, _, lines}} when type in '-_' ->
     │                                                    ~
     │
     └─ lib/decoder.ex:916:52

     warning: using single-quoted strings to represent charlists is deprecated.
     Use ~c"" if you indeed want a charlist or use "" instead.
     You may run "mix format --migrate" to change all single-quoted
     strings to use the ~c sigil and fix this warning.
     │
 954 │               {:ok, {type, _, _, _}} when type in '-_' ->
     │                                                   ~
     │
     └─ lib/decoder.ex:954:51

     warning: using single-quoted strings to represent charlists is deprecated.
     Use ~c"" if you indeed want a charlist or use "" instead.
     You may run "mix format --migrate" to change all single-quoted
     strings to use the ~c sigil and fix this warning.
     │
 969 │       {:ok, {type, _, _, _}} when type in '-_' ->
     │                                           ~
     │
     └─ lib/decoder.ex:969:43

     warning: using single-quoted strings to represent charlists is deprecated.
     Use ~c"" if you indeed want a charlist or use "" instead.
     You may run "mix format --migrate" to change all single-quoted
     strings to use the ~c sigil and fix this warning.
     │
 983 │           {:ok, {type, _, _, _}} when type in '-_' ->
     │                                               ~
     │
     └─ lib/decoder.ex:983:47

Generated toml app
==> nimble_options
Compiling 3 files (.ex)
Generated nimble_options app
==> multigraph
Compiling 16 files (.ex)
Generated multigraph app
==> plug_crypto
Compiling 5 files (.ex)
Generated plug_crypto app
==> hpax
Compiling 4 files (.ex)
Generated hpax app
==> mint
Compiling 1 file (.erl)
Compiling 21 files (.ex)
Generated mint app
==> ash_a2a
===> Analyzing applications...
===> Compiling yamerl
==> nimble_csv
Compiling 1 file (.ex)
Generated nimble_csv app
==> content_type
Compiling 1 file (.ex)
Generated content_type app
==> ets
Compiling 7 files (.ex)
Generated ets app
==> group
Compiling 9 files (.ex)
Generated group app
==> iterex
Compiling 48 files (.ex)
Generated iterex app
==> server_sent_events
Compiling 2 files (.ex)
Generated server_sent_events app
==> owl
Compiling 19 files (.ex)
Generated owl app
==> elixir_make
Compiling 8 files (.ex)
Generated elixir_make app
==> conv_case
Compiling 1 file (.ex)
Generated conv_case app
==> saxy
Compiling 19 files (.ex)
Generated saxy app
==> sourceror
Compiling 20 files (.ex)
Generated sourceror app
==> text_diff
Compiling 1 file (.ex)
Generated text_diff app
==> merkle_map
Compiling 7 files (.ex)
Generated merkle_map app
==> decimal
Compiling 4 files (.ex)
Generated decimal app
==> jason
Compiling 10 files (.ex)
Generated jason app
==> flame
Compiling 16 files (.ex)
Generated flame app
==> jcs
Compiling 1 file (.ex)
Generated jcs app
==> rustler
Compiling 7 files (.ex)
Generated rustler app
==> ex_ast
Compiling 36 files (.ex)
Generated ex_ast app
==> xema
Compiling 19 files (.ex)
Generated xema app
==> yaml_elixir
Compiling 6 files (.ex)
Generated yaml_elixir app
==> spitfire
Compiling 2 files (.erl)
Compiling 5 files (.ex)
Generated spitfire app
==> ash_a2a
===> Analyzing applications...
===> Compiling idna
==> nimble_parsec
Compiling 4 files (.ex)
Generated nimble_parsec app
==> phoenix_template
Compiling 4 files (.ex)
Generated phoenix_template app
==> ash_a2a
===> Analyzing applications...
===> Compiling telemetry
==> libcluster
Compiling 13 files (.ex)
Generated libcluster app
==> delta_crdt
Compiling 5 files (.ex)
    warning: Logger.warn/1 is deprecated. Use Logger.warning/2 instead
    │
 81 │       Logger.warn(
    │              ~
    │
    └─ lib/delta_crdt.ex:81:14: DeltaCrdt.warn_low_sync_interval/1

    warning: Logger.warn/1 is deprecated. Use Logger.warning/2 instead
    │
 31 │       Logger.warn("inefficient next_dot computation")
    │              ~
    │
    └─ lib/delta_crdt/aw_lww_map.ex:31:14: DeltaCrdt.AWLWWMap.Dots.next_dot/2

    warning: a struct for DeltaCrdt.CausalCrdt.Diff is expected on struct update:

        %DeltaCrdt.CausalCrdt.Diff{diff | continuation: truncate(continuation, state.max_sync_size)}

    but got type:

        dynamic(%{..., from: term(), to: term()})

    where "diff" was given the type:

        # type: dynamic(%{..., from: term(), to: term()})
        # from: lib/delta_crdt/causal_crdt.ex:92:10
        diff = reverse_diff(diff)

    when defining the variable "diff", you must also pattern match on "%DeltaCrdt.CausalCrdt.Diff{}".

    hint: given pattern matching is enough to catch typing errors, you may optionally convert the struct update into a map update. For example, instead of:

        user = some_function()
        %User{user | name: "John Doe"}

    it is enough to write:

        %User{} = user = some_function()
        %{user | name: "John Doe"}

    typing violation found at:
    │
 98 │         %Diff{diff | continuation: truncate(continuation, state.max_sync_size)}
    │         ~
    │
    └─ lib/delta_crdt/causal_crdt.ex:98:9: DeltaCrdt.CausalCrdt.handle_info/2

     warning: a struct for DeltaCrdt.CausalCrdt.Diff is expected on struct update:

         %DeltaCrdt.CausalCrdt.Diff{diff | from: diff.to, to: diff.from}

     but got type:

         dynamic()

     where "diff" was given the type:

         # type: dynamic()
         # from: lib/delta_crdt/causal_crdt.ex:327:21
         diff

     when defining the variable "diff", you must also pattern match on "%DeltaCrdt.CausalCrdt.Diff{}".

     hint: given pattern matching is enough to catch typing errors, you may optionally convert the struct update into a map update. For example, instead of:

         user = some_function()
         %User{user | name: "John Doe"}

     it is enough to write:

         %User{} = user = some_function()
         %{user | name: "John Doe"}

     typing violation found at:
     │
 328 │     %Diff{diff | from: diff.to, to: diff.from}
     │     ~
     │
     └─ lib/delta_crdt/causal_crdt.ex:328:5: DeltaCrdt.CausalCrdt.reverse_diff/1

Generated delta_crdt app
==> ash_a2a
===> Analyzing applications...
===> Compiling telemetry_poller
==> horde
Compiling 14 files (.ex)
Generated horde app
==> db_connection
Compiling 18 files (.ex)
Generated db_connection app
==> ecto
Compiling 56 files (.ex)
Generated ecto app
==> uniq
Compiling 5 files (.ex)
Generated uniq app
==> websockex
Compiling 6 files (.ex)
Generated websockex app
==> thousand_island
Compiling 18 files (.ex)
Generated thousand_island app
==> zoi
Compiling 84 files (.ex)
Generated zoi app
==> phoenix_pubsub
Compiling 12 files (.ex)
Generated phoenix_pubsub app
==> abnf_parsec
Compiling 4 files (.ex)
Generated abnf_parsec app
==> texture
Compiling 7 files (.ex)
Generated texture app
==> protocol_ex
Compiling 2 files (.ex)
Generated protocol_ex app
==> rdf
Compiling 6 files (.erl)
Compiling 140 files (.ex)
Generated rdf app
==> rdf_xml
Compiling 17 files (.ex)
Generated rdf_xml app
==> rustler_precompiled
Compiling 4 files (.ex)
Generated rustler_precompiled app
==> json_xema
Compiling 4 files (.ex)
Generated json_xema app
==> splode
Compiling 5 files (.ex)
Generated splode app
==> jsv
Compiling 75 files (.ex)
Generated jsv app
==> glob_ex
Compiling 4 files (.ex)
Generated glob_ex app
==> rewrite
Compiling 13 files (.ex)
Generated rewrite app
==> plug
Compiling 1 file (.erl)
Compiling 42 files (.ex)
Generated plug app
==> open_api_spex
Compiling 80 files (.ex)
Generated open_api_spex app
==> postgrex
Compiling 70 files (.ex)
Generated postgrex app
==> ecto_sql
Compiling 25 files (.ex)
Generated ecto_sql app
==> dotenvy
Compiling 3 files (.ex)
Generated dotenvy app
==> simple_sat
Compiling 1 file (.ex)
Generated simple_sat app
==> wasmex
Compiling 27 files (.ex)

19:50:14.527 [debug] Copying NIF from cache and extracting to /Users/sac/ash_a2a/_build-fleet-ash_a2a/test/lib/wasmex/priv/native/libwasmex-v0.15.1-nif-2.15-aarch64-apple-darwin.so
Generated wasmex app
==> crux
Compiling 20 files (.ex)
Generated crux app
==> nimble_pool
Compiling 2 files (.ex)
Generated nimble_pool app
==> finch
Compiling 23 files (.ex)
Generated finch app
==> req
Compiling 24 files (.ex)
Generated req app
==> igniter
Compiling 62 files (.ex)
Generated igniter app
==> oban
Compiling 70 files (.ex)
Generated oban app
==> spark
Compiling 46 files (.ex)
Generated spark app
==> reactor
Compiling 113 files (.ex)
Generated reactor app
==> ash
Compiling 619 files (.ex)
Compiling lib/ash/reactor/reactor.ex (it's taking more than 10s)
Compiling lib/ash/resource/dsl.ex (it's taking more than 10s)
Generated ash app
==> ash_oban
Compiling 22 files (.ex)
Generated ash_oban app
==> ash_state_machine
Compiling 17 files (.ex)
Generated ash_state_machine app
==> ash_graphlaw
Compiling 88 files (.ex)
Generated ash_graphlaw app
==> req_s3
Compiling 2 files (.ex)
Generated req_s3 app
==> llm_db
Compiling 65 files (.ex)
Generated llm_db app
==> req_llm
Compiling 219 files (.ex)
Generated req_llm app
==> tesla
Compiling 57 files (.ex)
Generated tesla app
==> json_ld
Compiling 17 files (.ex)
Generated json_ld app
==> cc_precompiler
Compiling 3 files (.ex)
Generated cc_precompiler app
==> ekv
Compiling 26 files (.ex)
Generated ekv app
==> websock
Compiling 1 file (.ex)
Generated websock app
==> bandit
Compiling 54 files (.ex)
Generated bandit app
==> a2a
Compiling 30 files (.ex)
Generated a2a app
==> websock_adapter
Compiling 4 files (.ex)
Generated websock_adapter app
==> phoenix
Compiling 75 files (.ex)
Generated phoenix app
==> ash_json_api
Compiling 76 files (.ex)
Generated ash_json_api app
==> ash_ai
Compiling 49 files (.ex)
Generated ash_ai app
==> sweet_xml
Compiling 2 files (.ex)
     warning: a struct for SweetXpath is expected on struct update:

         %SweetXpath{xpath | namespaces: [{to_charlist(prefix), to_charlist(uri)} | xpath.namespaces]}

     but got type:

         dynamic()

     where "xpath" was given the type:

         # type: dynamic()
         # from: lib/sweet_xml.ex:245:21
         xpath

     when defining the variable "xpath", you must also pattern match on "%SweetXpath{}".

     hint: given pattern matching is enough to catch typing errors, you may optionally convert the struct update into a map update. For example, instead of:

         user = some_function()
         %User{user | name: "John Doe"}

     it is enough to write:

         %User{} = user = some_function()
         %{user | name: "John Doe"}

     typing violation found at:
     │
 246 │     %SweetXpath{xpath | namespaces: [{to_charlist(prefix), to_charlist(uri)}
     │     ~
     │
     └─ lib/sweet_xml.ex:246:5: SweetXml.add_namespace/3

Generated sweet_xml app
==> durable_server
Compiling 18 files (.ex)
Generated durable_server app
==> sparql
Compiling 2 files (.erl)
Compiling 43 files (.ex)
Generated sparql app
==> sparql_client
Compiling 9 files (.ex)
Generated sparql_client app
==> ash_r2rml
Compiling 111 files (.ex)
Generated ash_r2rml app
==> ash_a2a
Compiling 752 files (.ex)
Compiling test/support/chicago/fixtures/federated_delegation.ex (it's taking more than 10s)
Compiling test/support/chicago/fixtures/brce.ex (it's taking more than 10s)
Compiling test/support/chicago/fixtures/authority.ex (it's taking more than 10s)
Compiling test/support/fixture.ex (it's taking more than 10s)
Generated ash_a2a app
